// Jest Snapshot v1, https://goo.gl/fbAQLP

exports[`should render Detail popup 1`] = `
<div
  class="popup show"
  data-testid="details-popup"
  id="modal"
>
  <span
    class="close"
  >
    Ã—
  </span>
  <div
    class="popup-content"
  >
    <div
      class="header"
    >
      <div
        class="short-info"
      >
        <div
          class="name"
        />
        <div
          class="origin"
        >
          Origin: 
        </div>
      </div>
      <img
        class="image"
      />
    </div>
    <div
      class="levels"
    >
      <div
        class="feature-container"
      >
        <div
          class="feature"
        >
          adaptability
        </div>
        <div
          class="level-undefined"
        />
      </div>
      <div
        class="feature-container"
      >
        <div
          class="feature"
        >
          affection_level
        </div>
        <div
          class="level-undefined"
        />
      </div>
      <div
        class="feature-container"
      >
        <div
          class="feature"
        >
          child_friendly
        </div>
        <div
          class="level-undefined"
        />
      </div>
      <div
        class="feature-container"
      >
        <div
          class="feature"
        >
          dog_friendly
        </div>
        <div
          class="level-undefined"
        />
      </div>
      <div
        class="feature-container"
      >
        <div
          class="feature"
        >
          energy_level
        </div>
        <div
          class="level-undefined"
        />
      </div>
      <div
        class="feature-container"
      >
        <div
          class="feature"
        >
          health_issues
        </div>
        <div
          class="level-undefined"
        />
      </div>
      <div
        class="feature-container"
      >
        <div
          class="feature"
        >
          intelligence
        </div>
        <div
          class="level-undefined"
        />
      </div>
      <div
        class="feature-container"
      >
        <div
          class="feature"
        >
          shedding_level
        </div>
        <div
          class="level-undefined"
        />
      </div>
      <div
        class="feature-container"
      >
        <div
          class="feature"
        >
          social_needs
        </div>
        <div
          class="level-undefined"
        />
      </div>
      <div
        class="feature-container"
      >
        <div
          class="feature"
        >
          stranger_friendly
        </div>
        <div
          class="level-undefined"
        />
      </div>
    </div>
  </div>
</div>
`;
