// Jest Snapshot v1, https://goo.gl/fbAQLP

exports[`should render grid 1`] = `
<table
  data-testid="grid"
>
  <thead>
    <tr>
      <th>
        Name
      </th>
      <th>
        Origin
      </th>
      <th>
        Energy Level
      </th>
    </tr>
  </thead>
  <tbody />
</table>
`;
